# blurams

厂商：blurams 
固件版本：20.3.51.11233

ip:192.168.2.222



端口开放情况 
```
5000/tcp open  upnp
7000/tcp open  afs3-fileserver


端口号：5000
传输协议：TCP
状态：open（开放）
服务：UPnP（Universal Plug and Play，通用即插即用）
功能：UPnP 是一种网络协议，允许设备在网络上自动发现彼此并协同工作，无需手动配置。在智能摄像头中，UPnP 可能用于自动配置网络设置，如端口转发，使得摄像头可以被远程访问，或者与其他智能家居设备进行通信。


端口号：7000
传输协议：TCP
状态：open（开放）
服务：afs3-fileserver（AFS3 文件服务器）
功能：AFS3（Andrew File System version 3）是一种分布式文件系统，最初由卡内基梅隆大学开发。它允许多个计算机共享文件和目录，就像它们是本地存储一样。在智能摄像头的上下文中，afs3-fileserver 可能用于存储和管理摄像头录制的视频文件。通过这个服务，摄像头可能能够将视频文件存储在远程服务器上，或者允许其他设备访问这些文件

```

---

# 固件提取
飞线，编程器提取的是加密的固件

---


# uart调试
```
## Booting kernel from Legacy Image at 80008000 ...
   Image Name:   Linux-4.4.192V2.1
   Image Type:   ARM Linux Kernel Image (uncompressed)
   Data Size:    1857392 Bytes = 1.8 MiB
   Load Address: 80008000
   Entry Point:  80008040
   Verifying Checksum ... OK
   XIP Kernel Image ... OK
   kernel loaded at 0x80008000, end = 0x801cd770
using: FDT

Starting kernel ...

Uncompressing Linux... done, booting the kernel.

```

